**********************
Inicio de la transcripción de Windows PowerShell
Hora de inicio: 20200129094354
Nombre de usuario: DESKTOP-IA9DV28\Usuario
Usuario RunAs: DESKTOP-IA9DV28\Usuario
Nombre de la configuración: 
Máquina: DESKTOP-IA9DV28 (Microsoft Windows NT 10.0.17763.0)
Aplicación host: C:\Windows\System32\WindowsPowerShell\v1.0\powershell.exe
Id. de proceso: 7784
PSVersion: 5.1.17763.771
PSEdition: Desktop
PSCompatibleVersions: 1.0, 2.0, 3.0, 4.0, 5.0, 5.1.17763.771
BuildVersion: 10.0.17763.771
CLRVersion: 4.0.30319.42000
WSManStackVersion: 3.0
PSRemotingProtocolVersion: 2.3
SerializationVersion: 1.1.0.1
**********************
La transcripción ha comenzado. El archivo de salida es C:\Users\Usuario\Documents\PowerShell_transcript.DESKTOP-IA9DV28.RsQlQXR6.20200129094354.txt
PS C:\Windows\system32> help html
>> ErrorTerminación(): "Se ha detenido la canalización."
>> ErrorTerminación(): "Se ha detenido la canalización."
PS C:\Windows\system32> help *html*

NOMBRE
    ConvertTo-Html

SINOPSIS
    Converts Microsoft .NET Framework objects into HTML that can be displayed in a Web browser.


SINTAXIS
    ConvertTo-Html [[-Property] <Object[]>] [[-Head] <String[]>] [[-Title] <String>] [[-Body] <String[]>] [-As {Table | List}]
    [-CssUri <Uri>] [-InputObject <PSObject>] [-PostContent <String[]>] [-PreContent <String[]>] [<CommonParameters>]

    ConvertTo-Html [[-Property] <Object[]>] [-As {Table | List}] [-Fragment] [-InputObject <PSObject>] [-PostContent
    <String[]>] [-PreContent <String[]>] [<CommonParameters>]


DESCRIPCIÓN
    The ConvertTo-Html cmdlet converts .NET Framework objects into HTML that can be displayed in a Web browser. You can use
    this cmdlet to display the output of a command in a Web page.

    You can use the parameters of ConvertTo-Html to select object properties, to specify a table or list format, to specify
    the HTML page title, to add text before and after the object, and to return only the table or list fragment, instead of a
    strict DTD page.

    When you submit multiple objects to ConvertTo-Html , Windows PowerShell creates the table (or list) based on the
    properties of the first object that you submit. If the remaining objects do not have one of the specified properties, the
    property value of that object is an empty cell. If the remaining objects have additional properties, those property values
    are not included in the file.


VÍNCULOS RELACIONADOS
    Online Version: http://go.microsoft.com/fwlink/?LinkId=821758
    ConvertTo-Csv
    ConvertTo-Json
    ConvertTo-Xml
    Export-Clixml
    Import-Clixml

NOTAS
    Para ver los ejemplos, escriba: "get-help ConvertTo-Html -examples".
    Para obtener más información, escriba: "get-help ConvertTo-Html -detailed".
PS C:\Windows\system32> ErrorTerminación(): "Se ha detenido la canalización."
>> ErrorTerminación(): "Se ha detenido la canalización."
>> ErrorTerminación(): "Se ha detenido la canalización."
>> ErrorTerminación(): "Se ha detenido la canalización."
PS C:\Windows\system32> get-help ConvertTo-Html -detailed

NOMBRE
    ConvertTo-Html

SINOPSIS
    Converts Microsoft .NET Framework objects into HTML that can be displayed in a Web browser.


SINTAXIS
    ConvertTo-Html [[-Property] <Object[]>] [[-Head] <String[]>] [[-Title] <String>] [[-Body] <String[]>] [-As {Table | List}]
    [-CssUri <Uri>] [-InputObject <PSObject>] [-PostContent <String[]>] [-PreContent <String[]>] [<CommonParameters>]

    ConvertTo-Html [[-Property] <Object[]>] [-As {Table | List}] [-Fragment] [-InputObject <PSObject>] [-PostContent
    <String[]>] [-PreContent <String[]>] [<CommonParameters>]


DESCRIPCIÓN
    The ConvertTo-Html cmdlet converts .NET Framework objects into HTML that can be displayed in a Web browser. You can use
    this cmdlet to display the output of a command in a Web page.

    You can use the parameters of ConvertTo-Html to select object properties, to specify a table or list format, to specify
    the HTML page title, to add text before and after the object, and to return only the table or list fragment, instead of a
    strict DTD page.

    When you submit multiple objects to ConvertTo-Html , Windows PowerShell creates the table (or list) based on the
    properties of the first object that you submit. If the remaining objects do not have one of the specified properties, the
    property value of that object is an empty cell. If the remaining objects have additional properties, those property values
    are not included in the file.


PARÁMETROS
    -As <String>
        Determines whether the object is formatted as a table or a list. Valid values are Table and List. The default value is
        Table.

        The Table value generates an HTML table that resembles the Windows PowerShell table format. The header row displays
        the property names. Each table row represents an object and displays the object's values for each property.

        The List value generates a two-column HTML table for each object that resembles the Windows PowerShell list format.
        The first column displays the property name; the second column displays the property value.

    -Body <String[]>
        Specifies the text to add after the opening <BODY> tag. By default, there is no text in that position.

    -CssUri <Uri>
        Specifies the Uniform Resource Identifier (URI) of the cascading style sheet (CSS) that is applied to the HTML file.
        The URI is included in a style sheet link in the output.

    -Fragment [<SwitchParameter>]
        Generates only an HTML table. The HTML, HEAD, TITLE, and BODY tags are omitted.

    -Head <String[]>
        Specifies the content of the <HEAD> tag. The default is <title>HTML TABLE</title>. If you use the Head parameter, the
        Title parameter is ignored.

    -InputObject <PSObject>
        Specifies the objects to be represented in HTML. Enter a variable that contains the objects or type a command or
        expression that gets the objects.

        If you use this parameter to submit multiple objects, such as all of the services on a computer, ConvertTo-Html
        creates a table that displays the properties of a collection or of an array of objects ( System.Object []). To create
        a table of the individual objects, use the pipeline operator to pipe the objects to ConvertTo-Html .

    -PostContent <String[]>
        Specifies text to add after the closing </TABLE> tag. By default, there is no text in that position.

    -PreContent <String[]>
        Specifies text to add before the opening <TABLE> tag. By default, there is no text in that position.

    -Property <Object[]>
        Includes the specified properties of the objects in the HTML. The value of the Property parameter can be a new
        calculated property. To create a calculated property, use a hash table. Valid keys are:

        - Label <string> (unlike with Select-Object or Format-Table, the Name key is not supported)

        - Expression <string> or <script block>

    -Title <String>
        Specifies a title for the HTML file, that is, the text that appears between the <TITLE> tags.

    <CommonParameters>
        Este cmdlet admite los parámetros comunes: Verbose, Debug,
        ErrorAction, ErrorVariable, WarningAction, WarningVariable,
        OutBuffer, PipelineVariable y OutVariable. Para obtener más información, consulta
        about_CommonParameters (https:/go.microsoft.com/fwlink/?LinkID=113216).

    Example 1: Create a web page to display the date

    PS C:\>ConvertTo-Html -InputObject (Get-Date)

    This command creates an HTML page that displays the properties of the current date. It uses the InputObject parameter to
    submit the results of a Get-Date command to the ConvertTo-Html cmdlet.
    Example 2: Create a web page to display PowerShell aliases

    PS C:\>Get-Alias | ConvertTo-Html > aliases.htm
    PS C:\> Invoke-Item aliases.htm

    This command creates an HTML page that lists the Windows PowerShell aliases in the current console.

    The command uses the Get-Alias cmdlet to get the aliases. It uses the pipeline operator (|) to send the aliases to the
    ConvertTo-Html cmdlet, which creates the HTML page.
    Example 3: Create a web page to display PowerShell events

    PS C:\>Get-EventLog -LogName "Windows PowerShell" | ConvertTo-Html > pslog.htm

    This command creates an HTML page called pslog.htm that displays the events in the Windows PowerShell event log on the
    local computer.

    It uses the Get-EventLog cmdlet to get the events in the Windows PowerShell log and then uses the pipeline operator (|) to
    send the events to the ConvertTo-Html cmdlet.

    The command also uses the redirection operator (>) to send the HTML code to the pslog.htm file.
    Example 4: Create a web page to display processes

    PS C:\>Get-Process | ConvertTo-Html -Property Name, Path, Company -Title "Process Information" > proc.htm; ii proc.htm

    These commands create and open an HTML page that lists the name, path, and company of the processes on the local computer.

    The first command uses the Get-Process cmdlet to get objects that represent the processes running on the computer. The
    command uses the pipeline operator (|) to send the process objects to the ConvertTo-Html cmdlet.

    The command uses the Property parameter to select three properties of the process objects to be included in the table. The
    command uses the Title parameter to specify a title for the HTML page. The command also uses the redirection operator (>)
    to send the resulting HTML to a file named Proc.htm.

    The second command uses the Invoke-Item cmdlet (alias = ii) to open the Proc.htm in the default browser. The two commands
    are separated by a semicolon (;).
    Example 5: Create a web page to display service objects

    PS C:\>Get-Service | ConvertTo-Html -CssUri "test.css"
    <!DOCTYPE html PUBLIC "-//W3C//DTD XHTML 1.0 Strict//EN"       "http://www.w3.org/TR/xhtml1/DTD/xhtml1-strict.dtd">
    <html>
    <head>
    <title>HTML TABLE</title>
    <link rel="stylesheet" type="text/css" href="test.css" />
    ...

    This command creates an HTML page of the service objects that the Get-Service cmdlet returns. The command uses the CssUri
    parameter to specify a cascading style sheet for the HTML page.

    The CssUri parameter adds an additional <link rel="stylesheet" type="text/css"/ href="test.css"> tag to the resulting
    HTML. The HREF attribute in the tag contains the name of the style sheet.
    Example 6: Create a web page to display service objects

    PS C:\>Get-Service | ConvertTo-Html -As LIST > services.htm

    This command creates an HTML page of the service objects that the Get-Service cmdlet returns. The command uses the As
    parameter to specify a list format. The redirection operator (>) sends the resulting HTML to the Services.htm file.
    Example 7: Create a web table for the current date

    PS C:\>Get-Date | cth -Fragment
    <table>
    <colgroup>...</colgroup>
    <tr><th>DisplayHint</th><th>DateTime</th><th>Date</th><th>Day</th><th>DayOfWeek</th><th>DayOfYear</th><th>Hour</th>
    <th>Kind</th><th>Millisecond</th><th>Minute</th><th>Month</th><th>Second</th><th>Ticks</th><th>TimeOfDay</th><th>Year</th><
    /tr>
    <tr><td>DateTime</td><td>Monday, May 05, 2008 10:40:04 AM</td><td>5/5/2008 12:00:00 AM</td><td>5</td><td>Monday</td>
    <td>126</td><td>10</td><td>Local</td><td>123</td><td>40</td><td>5</td><td>4</td><td>633455808041237213</td><td>10:40:04.12
    37213</td><td>2008</td></tr>
    </table>

    This command uses ConvertTo-Html to generate an HTML table of the current date. The command uses the Get-Date cmdlet to
    get the current date. It uses a pipeline operator (|) to send the results to the ConvertTo-Html cmdlet (aliased as cth ).

    The ConvertTo-Html command includes the Fragment parameter, which limits the output to an HTML table. As a result, the
    other elements of an HTML page, such as the <HEAD> and <BODY> tags, are omitted.
    Example 8: Create a web page to display PowerShell events

    PS C:\>Get-EventLog -Log "Windows PowerShell" | ConvertTo-Html -Property id, level, task

    This command uses the Get-EventLog cmdlet to get events from the Windows PowerShell event log.

    It uses a pipeline operator (|) to send the events to the ConvertTo-Html cmdlet, which converts the events to HTML format.

    The ConvertTo-Html command uses the Property parameter to select only the ID, Level, and Task properties of the event.
    Example 9: Create a web page to display specified services

    PS C:\>Get-Service A* | ConvertTo-Html -Title "Windows Services: Server01" -Body (get-date) -Pre
    "<P>Generated by Corporate IT</P>" -Post "For details, contact Corporate IT." > services.htm; ii services.htm

    This command creates and opens a Web page that displays the services on the computer that begin with A. It uses the Title
    , Body , PreContent , and PostContent parameters of ConvertTo-Html to customize the output.

    The first part of the command uses the Get-Service cmdlet to get the services on the computer that begin with A. The
    command uses a pipeline operator (|) to send the results to the ConvertTo-Html cmdlet. The command uses a redirection
    operator (>) to send the output to the Services.htm file.

    A semicolon (;) ends the first command and starts a second command, which uses the Invoke-Item cmdlet (alias = "ii") to
    open the Services.htm file in the default browser.
NOTAS
    Para ver los ejemplos, escriba: "get-help ConvertTo-Html -examples".
    Para obtener más información, escriba: "get-help ConvertTo-Html -detailed".
    Para obtener información técnica, escriba: "get-help ConvertTo-Html -full".
    Para obtener ayuda disponible en línea, escriba: "get-help ConvertTo-Html -online"


PS C:\Windows\system32> help *print*

Name                              Category  Module                    Synopsis
----                              --------  ------                    --------
Out-Printer                       Cmdlet    Microsoft.PowerShell.U... Sends output to a printer.
Resume-PrintJob                   Function  PrintManagement           ...
Suspend-PrintJob                  Function  PrintManagement           ...
Set-Printer                       Function  PrintManagement           ...
Set-PrintConfiguration            Function  PrintManagement           ...
Get-PrinterPort                   Function  PrintManagement           ...
Write-PrinterNfcTag               Function  PrintManagement           ...
Get-PrinterProperty               Function  PrintManagement           ...
Set-PrinterProperty               Function  PrintManagement           ...
Add-PrinterDriver                 Function  PrintManagement           ...
Get-PrinterDriver                 Function  PrintManagement           ...
Add-PrinterPort                   Function  PrintManagement           ...
Restart-PrintJob                  Function  PrintManagement           ...
Remove-PrinterPort                Function  PrintManagement           ...
Read-PrinterNfcTag                Function  PrintManagement           ...
Get-PrintConfiguration            Function  PrintManagement           ...
Remove-Printer                    Function  PrintManagement           ...
Get-PrintJob                      Function  PrintManagement           ...
Remove-PrinterDriver              Function  PrintManagement           ...
Get-Printer                       Function  PrintManagement           ...
Rename-Printer                    Function  PrintManagement           ...
Add-Printer                       Function  PrintManagement           ...
Remove-PrintJob                   Function  PrintManagement           ...
PS C:\Windows\system32> help *process*

Name                              Category  Module                    Synopsis
----                              --------  ------                    --------
Enter-PSHostProcess               Cmdlet    Microsoft.PowerShell.Core Connects to and enters in...
Exit-PSHostProcess                Cmdlet    Microsoft.PowerShell.Core Closes an interactive ses...
Get-PSHostProcessInfo             Cmdlet    Microsoft.PowerShell.Core
Debug-Process                     Cmdlet    Microsoft.PowerShell.M... Debugs one or more proces...
Get-Process                       Cmdlet    Microsoft.PowerShell.M... Gets the processes that a...
Start-Process                     Cmdlet    Microsoft.PowerShell.M... Starts one or more proces...
Stop-Process                      Cmdlet    Microsoft.PowerShell.M... Stops one or more running...
Wait-Process                      Cmdlet    Microsoft.PowerShell.M... Waits for the processes t...
Get-AppvVirtualProcess            Function  AppvClient                ...
Start-AppvVirtualProcess          Function  AppvClient                ...
ConvertTo-ProcessMitigationPolicy Cmdlet    ProcessMitigations        ConvertTo-ProcessMitigati...
Get-ProcessMitigation             Cmdlet    ProcessMitigations        Get-ProcessMitigation...
Set-ProcessMitigation             Cmdlet    ProcessMitigations        Set-ProcessMitigation...
PS C:\Windows\system32> help *log*

Name                              Category  Module                    Synopsis
----                              --------  ------                    --------
Clear-EventLog                    Cmdlet    Microsoft.PowerShell.M... Clears all entries from s...
Get-EventLog                      Cmdlet    Microsoft.PowerShell.M... Gets the events in an eve...
Limit-EventLog                    Cmdlet    Microsoft.PowerShell.M... Sets the event log proper...
New-EventLog                      Cmdlet    Microsoft.PowerShell.M... Creates a new event log a...
Remove-EventLog                   Cmdlet    Microsoft.PowerShell.M... Deletes an event log or u...
Show-EventLog                     Cmdlet    Microsoft.PowerShell.M... Displays the event logs o...
Write-EventLog                    Cmdlet    Microsoft.PowerShell.M... Writes an event to an eve...
Enable-AppBackgroundTaskDiagno... Cmdlet    AppBackgroundTask         Enable-AppBackgroundTaskD...
Disable-AppBackgroundTaskDiagn... Cmdlet    AppBackgroundTask         Disable-AppBackgroundTask...
Get-AppxLog                       Function  Appx                      ...
Export-BinaryMiLog                Cmdlet    CimCmdlets                Export-BinaryMiLog...
Import-BinaryMiLog                Cmdlet    CimCmdlets                Import-BinaryMiLog...
Get-MpThreatCatalog               Function  Defender                  ...
Get-DeliveryOptimizationLog       Cmdlet    DeliveryOptimization      Get-DeliveryOptimizationL...
Start-AutologgerConfig            Function  EventTracingManagement    ...
Remove-AutologgerConfig           Function  EventTracingManagement    ...
Get-AutologgerConfig              Function  EventTracingManagement    ...
Update-AutologgerConfig           Function  EventTracingManagement    ...
New-AutologgerConfig              Function  EventTracingManagement    ...
Test-FileCatalog                  Cmdlet    Microsoft.PowerShell.S... Test-FileCatalog...
New-FileCatalog                   Cmdlet    Microsoft.PowerShell.S... New-FileCatalog...
Set-DtcLog                        Function  MsDtc                     ...
Get-DtcLog                        Function  MsDtc                     ...
Reset-DtcLog                      Function  MsDtc                     ...
Get-PcsvDeviceLog                 Function  PcsvDevice                ...
Clear-PcsvDeviceLog               Function  PcsvDevice                ...
Get-LogProperties                 Function  PSDiagnostics             ...
Set-LogProperties                 Function  PSDiagnostics             ...
Stop-StorageDiagnosticLog         Function  Storage                   ...
Start-StorageDiagnosticLog        Function  Storage                   ...
Get-WindowsUpdateLog              Function  WindowsUpdate             ...
about_Eventlogs                   HelpFile                            Windows PowerShell create...
about_Logical_Operators           HelpFile                            Describes the operators t...
PS C:\Windows\system32> help *alias*

Name                              Category  Module                    Synopsis
----                              --------  ------                    --------
Export-Alias                      Cmdlet    Microsoft.PowerShell.U... Exports information about...
Get-Alias                         Cmdlet    Microsoft.PowerShell.U... Gets the aliases for the ...
Import-Alias                      Cmdlet    Microsoft.PowerShell.U... Imports an alias list fro...
New-Alias                         Cmdlet    Microsoft.PowerShell.U... Creates a new alias.
Set-Alias                         Cmdlet    Microsoft.PowerShell.U... Creates or changes an ali...
Alias                             Provider  Microsoft.PowerShell.Core Provides access to the Wi...
about_Aliases                     HelpFile                            Describes how to use alte...
PS C:\Windows\system32> Get-EventLog -LogName Security -Newest 100

   Index Time          EntryType   Source                 InstanceID Message
   ----- ----          ---------   ------                 ---------- -------
    7963 ene. 29 10:27 SuccessA... Microsoft-Windows...         4672 Se asignaron privilegios e...
    7962 ene. 29 10:27 SuccessA... Microsoft-Windows...         4624 Se inició sesión correctam...
    7961 ene. 29 10:22 SuccessA... Microsoft-Windows...         4672 Se asignaron privilegios e...
    7960 ene. 29 10:22 SuccessA... Microsoft-Windows...         4624 Se inició sesión correctam...
    7959 ene. 29 10:18 SuccessA... Microsoft-Windows...         4616 Se cambió la hora del sist...
    7958 ene. 29 10:17 SuccessA... Microsoft-Windows...         4672 Se asignaron privilegios e...
    7957 ene. 29 10:17 SuccessA... Microsoft-Windows...         4624 Se inició sesión correctam...
    7956 ene. 29 10:17 SuccessA... Microsoft-Windows...         5379 Las credenciales del Admin...
    7955 ene. 29 10:17 SuccessA... Microsoft-Windows...         5379 Las credenciales del Admin...
    7954 ene. 29 10:17 SuccessA... Microsoft-Windows...         5379 Las credenciales del Admin...
    7953 ene. 29 10:17 SuccessA... Microsoft-Windows...         5379 Las credenciales del Admin...
    7952 ene. 29 10:17 SuccessA... Microsoft-Windows...         5379 Las credenciales del Admin...
    7951 ene. 29 10:17 SuccessA... Microsoft-Windows...         5379 Las credenciales del Admin...
    7950 ene. 29 10:17 SuccessA... Microsoft-Windows...         5379 Las credenciales del Admin...
    7949 ene. 29 10:17 SuccessA... Microsoft-Windows...         5379 Las credenciales del Admin...
    7948 ene. 29 10:17 SuccessA... Microsoft-Windows...         5379 Las credenciales del Admin...
    7947 ene. 29 10:17 SuccessA... Microsoft-Windows...         5379 Las credenciales del Admin...
    7946 ene. 29 10:17 SuccessA... Microsoft-Windows...         5061 Operación criptográfica....
    7945 ene. 29 10:17 SuccessA... Microsoft-Windows...         5058 Operación de archivo de cl...
    7944 ene. 29 10:17 SuccessA... Microsoft-Windows...         5379 Las credenciales del Admin...
    7943 ene. 29 10:17 SuccessA... Microsoft-Windows...         5379 Las credenciales del Admin...
    7942 ene. 29 10:17 SuccessA... Microsoft-Windows...         5379 Las credenciales del Admin...
    7941 ene. 29 10:17 SuccessA... Microsoft-Windows...         5379 Las credenciales del Admin...
    7940 ene. 29 10:17 SuccessA... Microsoft-Windows...         5379 Las credenciales del Admin...
    7939 ene. 29 10:17 SuccessA... Microsoft-Windows...         5379 Las credenciales del Admin...
    7938 ene. 29 10:17 SuccessA... Microsoft-Windows...         5379 Las credenciales del Admin...
    7937 ene. 29 10:17 SuccessA... Microsoft-Windows...         5379 Las credenciales del Admin...
    7936 ene. 29 10:17 SuccessA... Microsoft-Windows...         5379 Las credenciales del Admin...
    7935 ene. 29 10:17 SuccessA... Microsoft-Windows...         5379 Las credenciales del Admin...
    7934 ene. 29 10:17 SuccessA... Microsoft-Windows...         5379 Las credenciales del Admin...
    7933 ene. 29 10:17 SuccessA... Microsoft-Windows...         5379 Las credenciales del Admin...
    7932 ene. 29 10:17 SuccessA... Microsoft-Windows...         5379 Las credenciales del Admin...
    7931 ene. 29 10:17 SuccessA... Microsoft-Windows...         4672 Se asignaron privilegios e...
    7930 ene. 29 10:17 SuccessA... Microsoft-Windows...         4624 Se inició sesión correctam...
    7929 ene. 29 10:17 SuccessA... Microsoft-Windows...         4672 Se asignaron privilegios e...
    7928 ene. 29 10:17 SuccessA... Microsoft-Windows...         4624 Se inició sesión correctam...
    7927 ene. 29 10:11 SuccessA... Microsoft-Windows...         4798 Se enumeró la pertenencia ...
    7926 ene. 29 10:10 SuccessA... Microsoft-Windows...         4798 Se enumeró la pertenencia ...
    7925 ene. 29 10:09 SuccessA... Microsoft-Windows...         4798 Se enumeró la pertenencia ...
    7924 ene. 29 10:09 SuccessA... Microsoft-Windows...         4798 Se enumeró la pertenencia ...
    7923 ene. 29 10:08 SuccessA... Microsoft-Windows...         4798 Se enumeró la pertenencia ...
    7922 ene. 29 10:07 SuccessA... Microsoft-Windows...         4798 Se enumeró la pertenencia ...
    7921 ene. 29 10:06 SuccessA... Microsoft-Windows...         4798 Se enumeró la pertenencia ...
    7920 ene. 29 10:06 SuccessA... Microsoft-Windows...         4798 Se enumeró la pertenencia ...
    7919 ene. 29 10:05 SuccessA... Microsoft-Windows...         4798 Se enumeró la pertenencia ...
    7918 ene. 29 10:05 SuccessA... Microsoft-Windows...         4798 Se enumeró la pertenencia ...
    7917 ene. 29 10:04 SuccessA... Microsoft-Windows...         4798 Se enumeró la pertenencia ...
    7916 ene. 29 10:04 SuccessA... Microsoft-Windows...         4798 Se enumeró la pertenencia ...
    7915 ene. 29 10:02 SuccessA... Microsoft-Windows...         4798 Se enumeró la pertenencia ...
    7914 ene. 29 10:02 SuccessA... Microsoft-Windows...         4798 Se enumeró la pertenencia ...
    7913 ene. 29 10:02 SuccessA... Microsoft-Windows...         4798 Se enumeró la pertenencia ...
    7912 ene. 29 10:02 SuccessA... Microsoft-Windows...         4798 Se enumeró la pertenencia ...
    7911 ene. 29 10:02 SuccessA... Microsoft-Windows...         4798 Se enumeró la pertenencia ...
    7910 ene. 29 10:02 SuccessA... Microsoft-Windows...         4798 Se enumeró la pertenencia ...
    7909 ene. 29 10:01 SuccessA... Microsoft-Windows...         4798 Se enumeró la pertenencia ...
    7908 ene. 29 10:00 SuccessA... Microsoft-Windows...         4798 Se enumeró la pertenencia ...
    7907 ene. 29 10:00 SuccessA... Microsoft-Windows...         4798 Se enumeró la pertenencia ...
    7906 ene. 29 09:59 SuccessA... Microsoft-Windows...         4798 Se enumeró la pertenencia ...
    7905 ene. 29 09:59 SuccessA... Microsoft-Windows...         4798 Se enumeró la pertenencia ...
    7904 ene. 29 09:58 SuccessA... Microsoft-Windows...         4798 Se enumeró la pertenencia ...
    7903 ene. 29 09:57 SuccessA... Microsoft-Windows...         4798 Se enumeró la pertenencia ...
    7902 ene. 29 09:57 SuccessA... Microsoft-Windows...         5379 Las credenciales del Admin...
    7901 ene. 29 09:57 SuccessA... Microsoft-Windows...         5379 Las credenciales del Admin...
    7900 ene. 29 09:57 SuccessA... Microsoft-Windows...         5379 Las credenciales del Admin...
    7899 ene. 29 09:57 SuccessA... Microsoft-Windows...         5379 Las credenciales del Admin...
    7898 ene. 29 09:57 SuccessA... Microsoft-Windows...         5379 Las credenciales del Admin...
    7897 ene. 29 09:57 SuccessA... Microsoft-Windows...         5379 Las credenciales del Admin...
    7896 ene. 29 09:57 SuccessA... Microsoft-Windows...         5379 Las credenciales del Admin...
    7895 ene. 29 09:57 SuccessA... Microsoft-Windows...         5379 Las credenciales del Admin...
    7894 ene. 29 09:57 SuccessA... Microsoft-Windows...         5379 Las credenciales del Admin...
    7893 ene. 29 09:57 SuccessA... Microsoft-Windows...         5379 Las credenciales del Admin...
    7892 ene. 29 09:57 SuccessA... Microsoft-Windows...         5379 Las credenciales del Admin...
    7891 ene. 29 09:57 SuccessA... Microsoft-Windows...         5379 Las credenciales del Admin...
    7890 ene. 29 09:57 SuccessA... Microsoft-Windows...         5379 Las credenciales del Admin...
    7889 ene. 29 09:57 SuccessA... Microsoft-Windows...         5379 Las credenciales del Admin...
    7888 ene. 29 09:57 SuccessA... Microsoft-Windows...         5379 Las credenciales del Admin...
    7887 ene. 29 09:57 SuccessA... Microsoft-Windows...         5379 Las credenciales del Admin...
    7886 ene. 29 09:57 SuccessA... Microsoft-Windows...         5379 Las credenciales del Admin...
    7885 ene. 29 09:57 SuccessA... Microsoft-Windows...         5379 Las credenciales del Admin...
    7884 ene. 29 09:57 SuccessA... Microsoft-Windows...         5379 Las credenciales del Admin...
    7883 ene. 29 09:57 SuccessA... Microsoft-Windows...         4672 Se asignaron privilegios e...
    7882 ene. 29 09:57 SuccessA... Microsoft-Windows...         4624 Se inició sesión correctam...
    7881 ene. 29 09:57 SuccessA... Microsoft-Windows...         4798 Se enumeró la pertenencia ...
    7880 ene. 29 09:56 SuccessA... Microsoft-Windows...         4798 Se enumeró la pertenencia ...
    7879 ene. 29 09:55 SuccessA... Microsoft-Windows...         4798 Se enumeró la pertenencia ...
    7878 ene. 29 09:48 SuccessA... Microsoft-Windows...         5379 Las credenciales del Admin...
    7877 ene. 29 09:48 SuccessA... Microsoft-Windows...         5379 Las credenciales del Admin...
    7876 ene. 29 09:48 SuccessA... Microsoft-Windows...         5379 Las credenciales del Admin...
    7875 ene. 29 09:48 SuccessA... Microsoft-Windows...         5379 Las credenciales del Admin...
    7874 ene. 29 09:48 SuccessA... Microsoft-Windows...         5379 Las credenciales del Admin...
    7873 ene. 29 09:48 SuccessA... Microsoft-Windows...         5379 Las credenciales del Admin...
    7872 ene. 29 09:48 SuccessA... Microsoft-Windows...         5382 Se leyeron las credenciale...
    7871 ene. 29 09:48 SuccessA... Microsoft-Windows...         5382 Se leyeron las credenciale...
    7870 ene. 29 09:40 SuccessA... Microsoft-Windows...         4672 Se asignaron privilegios e...
    7869 ene. 29 09:40 SuccessA... Microsoft-Windows...         4624 Se inició sesión correctam...
    7868 ene. 29 09:35 SuccessA... Microsoft-Windows...         4798 Se enumeró la pertenencia ...
    7867 ene. 29 09:34 SuccessA... Microsoft-Windows...         4672 Se asignaron privilegios e...
    7866 ene. 29 09:34 SuccessA... Microsoft-Windows...         4624 Se inició sesión correctam...
    7865 ene. 29 09:34 SuccessA... Microsoft-Windows...         5379 Las credenciales del Admin...
    7864 ene. 29 09:34 SuccessA... Microsoft-Windows...         5379 Las credenciales del Admin...


PS C:\Windows\system32> ipconfig

Configuración IP de Windows


Adaptador de Ethernet Ethernet0:

   Sufijo DNS específico para la conexión. . : localdomain
   Vínculo: dirección IPv6 local. . . : fe80::25f0:3341:702e:2f7f%5
   Dirección IPv4. . . . . . . . . . . . . . : 172.16.186.130
   Máscara de subred . . . . . . . . . . . . : 255.255.255.0
   Puerta de enlace predeterminada . . . . . : 172.16.186.2
PS C:\Windows\system32> Out-File help
PS C:\Windows\system32> help Out-File

NOMBRE
    Out-File

SINOPSIS
    Sends output to a file.


SINTAXIS
    Out-File [-FilePath] <String> [[-Encoding] {unknown | string | unicode | bigendianunicode |
    utf8 | utf7 | utf32 | ascii | default | oem}] [-Append] [-Confirm] [-Force] [-InputObject
    <PSObject>] [-NoClobber] [-NoNewline] [-WhatIf] [-Width <Int32>] [<CommonParameters>]

    Out-File [[-Encoding] {unknown | string | unicode | bigendianunicode | utf8 | utf7 | utf32 |
    ascii | default | oem}] [-Append] [-Confirm] [-Force] [-InputObject <PSObject>] -LiteralPath
    <String> [-NoClobber] [-NoNewline] [-WhatIf] [-Width <Int32>] [<CommonParameters>]


DESCRIPCIÓN
    The Out-File cmdlet sends output to a file. You can use this cmdlet instead of the
    redirection operator (>) when you need to use its parameters.


VÍNCULOS RELACIONADOS
    Online Version: http://go.microsoft.com/fwlink/?LinkId=821839
    Out-GridView
    Out-Printer
    Out-String
    Tee-Object

NOTAS
    Para ver los ejemplos, escriba: "get-help Out-File -examples".
    Para obtener más información, escriba: "get-help Out-File -detailed".
    Para obtener información técnica, escriba: "get-help Out-File -full".
    Para obtener ayuda disponible en línea, escriba: "get-help Out-File -online"
PS C:\Windows\system32> Get-Process | Out-File procesos.txt
PS C:\Windows\system32> Get-Process | Out-File procesos.txt -NoClobber
>> ErrorTerminación(Out-File): "El archivo 'C:\Windows\system32\procesos.txt' ya existe."
Out-File : El archivo 'C:\Windows\system32\procesos.txt' ya existe.
En línea: 1 Carácter: 15
+ Get-Process | Out-File procesos.txt -NoClobber
+               ~~~~~~~~~~~~~~~~~~~~~~~~~~~~~~~~
    + CategoryInfo          : ResourceExists: (C:\Windows\system32\procesos.txt:String) [Out-File], IOException
    + FullyQualifiedErrorId : NoClobber,Microsoft.PowerShell.Commands.OutFileCommand
Out-File : El archivo 'C:\Windows\system32\procesos.txt' ya existe.
En línea: 1 Carácter: 15
+ Get-Process | Out-File procesos.txt -NoClobber
+               ~~~~~~~~~~~~~~~~~~~~~~~~~~~~~~~~
    + CategoryInfo          : ResourceExists: (C:\Windows\system32\procesos.txt:String) [Out-File
   ], IOException
    + FullyQualifiedErrorId : NoClobber,Microsoft.PowerShell.Commands.OutFileCommand

PS C:\Windows\system32> Get-History

  Id CommandLine
  -- -----------
   1 update-help
   2 start-transcript
   3 help html
   4 help *html*
   5 get-help ConvertTo-Html -detailed
   6 help *print*
   7 help *process*
   8 help *log*
   9 help *alias*
  10 Get-EventLog -LogName Security -Newest 100
  11 ipconfig
  12 Out-File help
  13 help Out-File
  14 Get-Process | Out-File procesos.txt
  15 Get-Process | Out-File procesos.txt -NoClobber


PS C:\Windows\system32> Stop-Transcript
**********************
Fin de la transcripción de Windows PowerShell
Hora de finalización: 20200129104518
**********************
